// Jest Snapshot v1, https://goo.gl/fbAQLP

exports[`SiteHeader.vue matches snapshot 1`] = `
<header>
  <h1>Phan An</h1>
</header>
`;
