// Jest Snapshot v1, https://goo.gl/fbAQLP

exports[`SocialProfileItem.vue matches snapshot 1`] = `
<li>
  <a href="https://foo.bar">Foo Bar</a>
</li>
`;
